
> temp-app@0.1.0 build
> next build

Γû▓ Next.js 16.2.1 (Turbopack)
- Environments: .env

node.exe : ΓÜá The 
"middleware" file 
convention is deprecated. 
Please use "proxy" 
instead. Learn more: https
://nextjs.org/docs/message
s/middleware-to-proxy
At line:1 char:1
+ & "C:\Program 
Files\nodejs/node.exe" 
"C:\Program 
Files\nodejs/node_mo ...
+ ~~~~~~~~~~~~~~~~~~~~~~~~
~~~~~~~~~~~~~~~~~~~~~~~~~~
~~~~~~~~~~~~~~~~~~~
    + CategoryInfo        
      : NotSpecified: (Γ  
  Üá The "middle...lewa   
 re-to-proxy:String) [    
], RemoteException
    + FullyQualifiedError 
   Id : NativeCommandErr  
  or
 
  Creating an optimized production build ...

> Build error occurred
Error: Turbopack build 
failed with 1 errors:
./src/middleware.ts:3:1
Module not found: Can't 
resolve 'jose'
  [90m1 |[0m 
[36mimport[0m { 
[33mNextResponse[0m } 
[36mfrom[0m 
[32m"next/server"[0m;
  [90m2 |[0m 
[36mimport[0m { 
[33mNextRequest[0m } 
[36mfrom[0m 
[32m"next/server"[0m;
[31m[1m>[0m [90m3 
|[0m [36mimport[0m { 
jwtVerify } [36mfrom[0m 
[32m"jose"[0m;
  [90m  |[0m [31m[1m^^
^^^^^^^^^^^^^^^^^^^^^^^^^^
^^^^^[0m
  [90m4 |[0m
  [90m5 |[0m 
[36mconst[0m 
[33mJWT_SECRET[0m = proc
ess.env.[33mJWT_SECRET[0
m || [32m"chasha-bakers-s
ecret-key-2025"[0m;
  [90m6 |[0m



https://nextjs.org/docs/me
ssages/module-not-found


    at <unknown> 
(./src/middleware.ts:3:1)
    at <unknown> (https://
nextjs.org/docs/messages/m
odule-not-found)
